// Vitest Snapshot v1, https://vitest.dev/guide/snapshot.html

exports[`fetchUsersTeams > should return a list of teams v2 1`] = `
[
  {
    "current_season_adds": 20,
    "current_weekly_adds": 2,
    "edit_key": "2023-04-14",
    "end_date": 1681541999999,
    "faab_balance": -1,
    "game_code": "nhl",
    "game_is_over": 1,
    "game_name": "Hockey",
    "game_season": "2022",
    "league_name": "League Name",
    "max_games_played": -1,
    "max_innings_pitched": -1,
    "max_season_adds": 60,
    "max_weekly_adds": -1,
    "num_teams": 12,
    "outcome_totals": undefined,
    "points_against": undefined,
    "points_back": 51.5,
    "points_for": "65.5",
    "rank": "9",
    "roster_positions": {
      "BN": 4,
      "C": 2,
      "D": 4,
      "G": 2,
      "IR": 2,
      "IR+": 2,
      "LW": 2,
      "RW": 2,
      "Util": 2,
      "W": 1,
    },
    "scoring_type": "roto",
    "start_date": 1665126000000,
    "team_key": "419.l.14950.t.2",
    "team_logo": "https://yahoofantasysports-res.cloudinary.com/image/upload/t_s192sq/fantasy-logos/697b480fb677ab0cf351dd5413ce131c118c101d6c31574714bf6e2e8e7431fb.jpg",
    "team_name": "Bread Roller",
    "team_url": "https://hockey.fantasysports.yahoo.com/hockey/14950/2",
    "waiver_rule": "all",
    "weekly_deadline": "",
  },
  {
    "current_season_adds": 31,
    "current_weekly_adds": 0,
    "edit_key": "2023-04-02",
    "end_date": 1680505199999,
    "faab_balance": -1,
    "game_code": "nhl",
    "game_is_over": 1,
    "game_name": "Hockey",
    "game_season": "2022",
    "league_name": "Irish Lacrosse",
    "max_games_played": -1,
    "max_innings_pitched": -1,
    "max_season_adds": 50,
    "max_weekly_adds": 7,
    "num_teams": 12,
    "outcome_totals": {
      "losses": "70",
      "percentage": ".563",
      "ties": "25",
      "wins": "94",
    },
    "points_against": undefined,
    "points_back": undefined,
    "points_for": undefined,
    "rank": 1,
    "roster_positions": {
      "BN": 7,
      "C": 2,
      "D": 4,
      "G": 2,
      "IR": 2,
      "IR+": 1,
      "LW": 2,
      "NA": 2,
      "RW": 2,
    },
    "scoring_type": "head",
    "start_date": 1665126000000,
    "team_key": "419.l.19947.t.6",
    "team_logo": "https://yahoofantasysports-res.cloudinary.com/image/upload/t_s192sq/fantasy-logos/560d006423ab81292ec70a9db602d5ef73bce4c1e65d2553ef8772a34158b9dd.jpg",
    "team_name": "Gudas Hell",
    "team_url": "https://hockey.fantasysports.yahoo.com/hockey/19947/6",
    "waiver_rule": "all",
    "weekly_deadline": "intraday",
  },
  {
    "current_season_adds": 33,
    "current_weekly_adds": 0,
    "edit_key": "2023-04-14",
    "end_date": 1681541999999,
    "faab_balance": -1,
    "game_code": "nhl",
    "game_is_over": 1,
    "game_name": "Hockey",
    "game_season": "2022",
    "league_name": "Elite League 22",
    "max_games_played": -1,
    "max_innings_pitched": -1,
    "max_season_adds": 70,
    "max_weekly_adds": -1,
    "num_teams": 12,
    "outcome_totals": undefined,
    "points_against": undefined,
    "points_back": 24,
    "points_for": "90",
    "rank": "3",
    "roster_positions": {
      "BN": 5,
      "C": 2,
      "D": 4,
      "G": 2,
      "IR": 1,
      "IR+": 2,
      "LW": 2,
      "RW": 2,
      "Util": 3,
    },
    "scoring_type": "roto",
    "start_date": 1665126000000,
    "team_key": "419.l.28340.t.1",
    "team_logo": "https://s.yimg.com/cv/apiv2/default/nhl/nhl_7.png",
    "team_name": "Secret AdMeierer",
    "team_url": "https://hockey.fantasysports.yahoo.com/hockey/28340/1",
    "waiver_rule": "all",
    "weekly_deadline": "",
  },
  {
    "current_season_adds": 12,
    "current_weekly_adds": 0,
    "edit_key": "2023-04-02",
    "end_date": 1680505199999,
    "faab_balance": -1,
    "game_code": "nhl",
    "game_is_over": 1,
    "game_name": "Hockey",
    "game_season": "2022",
    "league_name": "Brewhouse Appreciation Society",
    "max_games_played": -1,
    "max_innings_pitched": -1,
    "max_season_adds": -1,
    "max_weekly_adds": 3,
    "num_teams": 12,
    "outcome_totals": {
      "losses": "95",
      "percentage": ".483",
      "ties": "27",
      "wins": "88",
    },
    "points_against": undefined,
    "points_back": undefined,
    "points_for": undefined,
    "rank": 10,
    "roster_positions": {
      "BN": 4,
      "D": 4,
      "F": 6,
      "G": 2,
      "IR+": 2,
      "Util": 3,
    },
    "scoring_type": "head",
    "start_date": 1665126000000,
    "team_key": "419.l.59985.t.12",
    "team_logo": "https://yahoofantasysports-res.cloudinary.com/image/upload/t_s192sq/fantasy-logos/b0bf7ede474e024dbf514fdc9272582b4541220886e436e5bfff3a1cc3f8a4b4.jpg",
    "team_name": "Time and Tye McGinn",
    "team_url": "https://hockey.fantasysports.yahoo.com/hockey/59985/12",
    "waiver_rule": "all",
    "weekly_deadline": "",
  },
]
`;
